// Jest Snapshot v1, https://goo.gl/fbAQLP

exports[`<FloatingLabel /> matches snapshots 1`] = `
<body>
  <div>
    <div
      class="fl-input-container css-5bqlcx"
    >
      <input
        autocomplete="on"
        class="fl-input"
        id="snapshot"
        tab_index="0"
        value=""
      />
      <label
        class="fl-input-label"
        for="snapshot"
      />
      <span
        class="fl-input-bar"
      />
      <div
        style="position: relative; order: 10;"
      />
    </div>
  </div>
</body>
`;
